==================================================
MCP Server Integration Test
==================================================

python : Traceback (most 
recent call last):
At line:1 char:1
+ python test_mcp.py 2>&1 | 
Out-File -FilePath 
test_output.txt; Get-Con ...
+ ~~~~~~~~~~~~~~~~~~~~~~~
    + CategoryInfo          
    : NotSpecified: (Trace  
  back (most recent call    
 last)::String) [], Remo    
teException
    + FullyQualifiedErrorId 
    : NativeCommandError
 
  File "C:\Users\mark\Lucent
a\Lucenta\test_mcp.py", 
line 71, in <module>
    asyncio.run(test_mcp_ser
vers())
    ~~~~~~~~~~~^^^^^^^^^^^^^
^^^^^^^
  File "C:\Users\mark\Minico
nda3\Lib\asyncio\runners.py"
, line 195, in run
    return runner.run(main)
           ~~~~~~~~~~^^^^^^
  File "C:\Users\mark\Minico
nda3\Lib\asyncio\runners.py"
, line 118, in run
    return self._loop.run_un
til_complete(task)
           ~~~~~~~~~~~~~~~~~
~~~~~~~~~~~~^^^^^^
  File "C:\Users\mark\Minico
nda3\Lib\asyncio\base_events
.py", line 725, in 
run_until_complete
    return future.result()
           ~~~~~~~~~~~~~^^
  File "C:\Users\mark\Lucent
a\Lucenta\test_mcp.py", 
line 18, in test_mcp_servers
    print("\U0001f4cb 
Loading MCP 
configuration...")
    ~~~~~^^^^^^^^^^^^^^^^^^^
^^^^^^^^^^^^^^^^
  File "C:\Users\mark\Minico
nda3\Lib\encodings\cp1252.py
", line 19, in encode
    return codecs.charmap_en
code(input,self.errors,encod
ing_table)[0]
           ~~~~~~~~~~~~~~~~~
~~~~^^^^^^^^^^^^^^^^^^^^^^^^
^^^^^^^^^^
UnicodeEncodeError: 
'charmap' codec can't 
encode character 
'\U0001f4cb' in position 0: 
character maps to 
<undefined>
